../Core/Src/main.c:80:5:main	2
../Core/Src/main.c:140:1:__io_putchar	1
../Core/Src/main.c:155:6:SystemClock_Config	4
../Core/Src/main.c:203:13:MX_TIM1_Init	4
../Core/Src/main.c:250:13:MX_USART2_UART_Init	2
../Core/Src/main.c:285:13:MX_GPIO_Init	1
../Core/Src/main.c:317:6:Error_Handler	1
../Core/Src/main.c:330:6:DHT11_ReadData1	7
../Core/Src/main.c:375:6:DHT11_ReadData2	7
../Core/Src/main.c:453:6:DHT11_ReadData	7
../Core/Src/main.c:531:6:delay_us	2
../Core/Src/main.c:537:5:check_response	7
../Core/Src/main.c:551:9:read_byte	5
../Core/Src/main.c:566:6:process_sensor_data	2
../Core/Src/main.c:591:6:send_uart_message	1
