../Core/Src/main.c:81:5:main	16	static
../Core/Src/main.c:141:1:__io_putchar	16	static
../Core/Src/main.c:156:6:SystemClock_Config	160	static
../Core/Src/main.c:204:13:MX_TIM1_Init	40	static
../Core/Src/main.c:251:13:MX_USART2_UART_Init	8	static
../Core/Src/main.c:286:13:MX_GPIO_Init	48	static
../Core/Src/main.c:318:6:Error_Handler	4	static,ignoring_inline_asm
../Core/Src/main.c:331:6:DHT11_ReadData1	24	static
../Core/Src/main.c:376:6:DHT11_ReadData2	32	static
../Core/Src/main.c:454:6:DHT11_ReadData	32	static
../Core/Src/main.c:532:6:delay_us	16	static
../Core/Src/main.c:538:9:check_response	8	static
../Core/Src/main.c:552:9:read_byte	16	static
../Core/Src/main.c:567:6:process_sensor_data	24	static
../Core/Src/main.c:592:6:send_uart_message	16	static
