../Core/Src/main.c:85:5:main	2
../Core/Src/main.c:147:1:__io_putchar	1
../Core/Src/main.c:162:6:SystemClock_Config	4
../Core/Src/main.c:210:13:MX_TIM1_Init	4
../Core/Src/main.c:257:13:MX_USART2_UART_Init	2
../Core/Src/main.c:292:13:MX_GPIO_Init	1
../Core/Src/main.c:324:6:Error_Handler	1
../Core/Src/main.c:337:6:DHT11_ReadData1	7
../Core/Src/main.c:382:6:DHT11_ReadData2	7
../Core/Src/main.c:460:6:DHT11_ReadData	7
../Core/Src/main.c:538:6:start_signal	1
../Core/Src/main.c:557:6:delay_us	2
../Core/Src/main.c:564:9:check_response	7
../Core/Src/main.c:578:9:read_byte	5
../Core/Src/main.c:593:6:process_sensor_data	2
